// Jest Snapshot v1, https://goo.gl/fbAQLP

exports[`Email Component should render correctly without props 1`] = `ShallowWrapper {}`;
